// Jest Snapshot v1, https://goo.gl/fbAQLP

exports[`<ForgotPassword /> should render <ForgotPassword /> without errors 1`] = `
<div>
  <br />
  <div
    className="columns is-mobile"
  >
    <div
      className="column is-half is-offset-one-fifth"
    >
      <div
        className="box"
      >
        <Form
          ErrorList={[Function]}
          disabled={false}
          liveValidate={false}
          noHtml5Validate={true}
          noValidate={false}
          onSubmit={[Function]}
          safeRenderCompletion={false}
          schema={
            Object {
              "properties": Object {
                "email": Object {
                  "format": "email",
                  "title": "Your email address",
                  "type": "string",
                },
              },
              "required": Array [
                "email",
              ],
              "title": "Password reset",
              "type": "object",
            }
          }
          uiSchema={
            Object {
              "email": Object {
                "ui:help": "We will send you reset instructions in an email",
                "ui:placeholder": "you@example.com",
              },
            }
          }
        >
          <fieldset>
            <button
              className="btn btn-primary btn-lg btn-block"
              type="submit"
            >
              Send reset instructions
            </button>
            <div
              className="mt-2"
            >
              <div
                className="float-left"
              >
                <Link
                  replace={false}
                  to="/account/register"
                >
                  Create an account
                </Link>
              </div>
              <div
                className="float-right d-block"
              >
                <Link
                  replace={false}
                  to="/account/login"
                >
                  Log In
                </Link>
              </div>
            </div>
          </fieldset>
        </Form>
      </div>
    </div>
  </div>
</div>
`;

exports[`<ForgotPassword /> should render the sent message 1`] = `
<div
  className="container text-center"
>
  <div
    className="card shadow-lg p-3 mb-5 bg-white rounded"
    style={
      Object {
        "margin": "100px auto",
        "width": "20rem",
      }
    }
  >
    <div
      className="card-body"
    >
      <h5
        className="card-title"
      >
        <i
          className="fas fa-envelope"
        />
      </h5>
      <p
        className="card-text"
      >
        Check your inbox, we have sent you an email with instructions to reset your email.
      </p>
    </div>
  </div>
</div>
`;
