// Jest Snapshot v1, https://goo.gl/fbAQLP

exports[`<ResetPassword /> should render <ResetPassword /> without errors 1`] = `
<Box>
  <Form
    ErrorList={[Function]}
    disabled={false}
    liveValidate={false}
    noHtml5Validate={true}
    noValidate={false}
    onSubmit={[Function]}
    safeRenderCompletion={false}
    schema={
      Object {
        "properties": Object {
          "password": Object {
            "title": "New password",
            "type": "string",
          },
        },
        "required": Array [
          "password",
        ],
        "title": "Password reset",
        "type": "object",
      }
    }
    uiSchema={
      Object {
        "password": Object {
          "ui:widget": "password",
        },
      }
    }
  >
    <fieldset>
      <button
        className="btn btn-primary btn-lg btn-block"
        type="submit"
      >
        Change your password
      </button>
    </fieldset>
  </Form>
</Box>
`;

exports[`<ResetPassword /> should render the reset message 1`] = `
<div
  className="container text-center"
>
  <div
    className="card shadow-lg p-3 mb-5 bg-white rounded"
    style={
      Object {
        "margin": "100px auto",
        "width": "20rem",
      }
    }
  >
    <div
      className="card-body"
    >
      <h5
        className="card-title"
      >
        <i
          className="fas fa-check"
        />
      </h5>
      <p
        className="card-text"
      >
        Your password has been successfully changed.
      </p>
      <Link
        className="btn btn-primary"
        replace={false}
        to="/account/login"
      >
        Log in with your new password
      </Link>
    </div>
  </div>
</div>
`;
