// Jest Snapshot v1, https://goo.gl/fbAQLP

exports[`<ChangePassword /> should render <ChangePassword /> without errors 1`] = `
<div>
  <Form
    ErrorList={[Function]}
    disabled={false}
    liveValidate={false}
    noHtml5Validate={true}
    noValidate={false}
    onSubmit={[Function]}
    safeRenderCompletion={false}
    schema={
      Object {
        "properties": Object {
          "newPassword": Object {
            "title": "New password",
            "type": "string",
          },
          "oldPassword": Object {
            "title": "Old password",
            "type": "string",
          },
        },
        "required": Array [
          "oldPassword",
          "newPassword",
        ],
        "title": "Change your password",
        "type": "object",
      }
    }
    uiSchema={
      Object {
        "newPassword": Object {
          "ui:widget": "password",
        },
        "oldPassword": Object {
          "ui:widget": "password",
        },
      }
    }
  >
    <fieldset>
      <button
        className="btn btn-primary"
        type="submit"
      >
        Change your password
      </button>
    </fieldset>
  </Form>
</div>
`;

exports[`<ChangePassword /> should render the success message 1`] = `
<div
  className="container text-center"
>
  <div
    className="card shadow-lg p-3 mb-5 bg-white rounded"
    style={
      Object {
        "margin": "100px auto",
        "width": "20rem",
      }
    }
  >
    <div
      className="card-body"
    >
      <h5
        className="card-title"
      >
        <i
          className="fas fa-check"
        />
      </h5>
      <p
        className="card-text"
      >
        Your password has been changed successfully.
      </p>
    </div>
  </div>
</div>
`;
